---
http_interactions:
- request:
    method: post
    uri: https://api.github.com/repos/gofullstack/paprika/issues/1/comments
    body:
      encoding: UTF-8
      string: '{"body":"Hi. Your friendly Curry bot here. Just letting you know that
        there are commit authors in this Pull Request who appear to not have signed
        a Chef CLA.\n\nThe following GitHub users do not appear to have signed a CLA:\n\n*
        @brettchalupa\n\n[Please sign the CLA here.](https://community.chef.io)"}'
    headers:
      Accept:
      - application/vnd.github.v3+json
      User-Agent:
      - Octokit Ruby Gem 3.0.0
      Authorization:
      - token <TOKEN>
      Accept-Encoding:
      - gzip;q=1.0,deflate;q=0.6,identity;q=0.3
  response:
    status:
      code: 201
      message: Created
    headers:
      Server:
      - GitHub.com
      Date:
      - Mon, 14 Apr 2014 15:35:08 GMT
      Content-Type:
      - application/json; charset=utf-8
      Status:
      - 201 Created
      X-Ratelimit-Limit:
      - '5000'
      X-Ratelimit-Remaining:
      - '4942'
      X-Ratelimit-Reset:
      - '1397491776'
      Cache-Control:
      - private, max-age=60, s-maxage=60
      Etag:
      - '"61b946e90c958c24810718528a60d71b"'
      X-Oauth-Scopes:
      - public_repo
      X-Accepted-Oauth-Scopes:
      - ''
      Location:
      - https://api.github.com/repos/gofullstack/paprika/issues/comments/40380642
      Vary:
      - Accept, Authorization, Cookie, X-GitHub-OTP
      X-Github-Media-Type:
      - github.v3; format=json
      X-Xss-Protection:
      - 1; mode=block
      X-Frame-Options:
      - deny
      Content-Security-Policy:
      - default-src 'none'
      Content-Length:
      - '1496'
      Access-Control-Allow-Credentials:
      - 'true'
      Access-Control-Expose-Headers:
      - ETag, Link, X-GitHub-OTP, X-RateLimit-Limit, X-RateLimit-Remaining, X-RateLimit-Reset,
        X-OAuth-Scopes, X-Accepted-OAuth-Scopes, X-Poll-Interval
      Access-Control-Allow-Origin:
      - '*'
      X-Github-Request-Id:
      - 6153E20C:2053:4E34600:534C002C
      Strict-Transport-Security:
      - max-age=31536000
      X-Content-Type-Options:
      - nosniff
    body:
      encoding: UTF-8
      string: '{"url":"https://api.github.com/repos/gofullstack/paprika/issues/comments/40380642","html_url":"https://github.com/gofullstack/paprika/pull/1#issuecomment-40380642","issue_url":"https://api.github.com/repos/gofullstack/paprika/issues/1","id":40380642,"user":{"login":"bcobb","id":35545,"avatar_url":"https://avatars.githubusercontent.com/u/35545?","gravatar_id":"269b40217dfecccd37c71650992dd2cc","url":"https://api.github.com/users/bcobb","html_url":"https://github.com/bcobb","followers_url":"https://api.github.com/users/bcobb/followers","following_url":"https://api.github.com/users/bcobb/following{/other_user}","gists_url":"https://api.github.com/users/bcobb/gists{/gist_id}","starred_url":"https://api.github.com/users/bcobb/starred{/owner}{/repo}","subscriptions_url":"https://api.github.com/users/bcobb/subscriptions","organizations_url":"https://api.github.com/users/bcobb/orgs","repos_url":"https://api.github.com/users/bcobb/repos","events_url":"https://api.github.com/users/bcobb/events{/privacy}","received_events_url":"https://api.github.com/users/bcobb/received_events","type":"User","site_admin":false},"created_at":"2014-04-14T15:35:08Z","updated_at":"2014-04-14T15:35:08Z","body":"Hi.
        Your friendly Curry bot here. Just letting you know that there are commit
        authors in this Pull Request who appear to not have signed a Chef CLA.\n\nThe
        following GitHub users do not appear to have signed a CLA:\n\n* @brettchalupa\n\n[Please
        sign the CLA here.](https://community.chef.io)"}'
    http_version: 
  recorded_at: Mon, 14 Apr 2014 15:35:08 GMT
- request:
    method: post
    uri: https://api.github.com/repos/gofullstack/paprika/issues/1/comments
    body:
      encoding: UTF-8
      string: '{"body":"Hi. I am an automated pull request bot named Curry. There
        are commits in this pull request whose authors are not yet authorized to contribute
        to Chef Software, Inc. projects or are using a non-GitHub verified email address.
        To become authorized to contribute, you will need to sign the Contributor
        License Agreement (CLA) as an individual or on behalf of your company. [You
        can read more on Chef''s blog.](http://www.chef.io/blog/2014/06/23/changes-to-the-contributor-license-agreement-process/)\n\n##
        GitHub Users Who Are Not Authorized To Contribute\\n\\n\n\nThe following GitHub
        users do not appear to have signed a CLA:\n\n* @brettchalupa\n\n[Please sign
        the CLA here.](https://community.chef.io)"}'
    headers:
      Accept:
      - application/vnd.github.v3+json
      User-Agent:
      - Octokit Ruby Gem 3.2.0
      Authorization:
      - token <TOKEN>
      Accept-Encoding:
      - gzip;q=1.0,deflate;q=0.6,identity;q=0.3
  response:
    status:
      code: 201
      message: Created
    headers:
      Server:
      - GitHub.com
      Date:
      - Tue, 19 Aug 2014 13:36:23 GMT
      Content-Type:
      - application/json; charset=utf-8
      Status:
      - 201 Created
      X-Ratelimit-Limit:
      - '5000'
      X-Ratelimit-Remaining:
      - '4950'
      X-Ratelimit-Reset:
      - '1408457714'
      Cache-Control:
      - private, max-age=60, s-maxage=60
      Etag:
      - '"7bf1e76c4c7367d2fcc56320af39f71b"'
      X-Oauth-Scopes:
      - gist, notifications, read:repo_hook, repo, user
      X-Accepted-Oauth-Scopes:
      - ''
      Location:
      - https://api.github.com/repos/gofullstack/paprika/issues/comments/52633816
      Vary:
      - Accept, Authorization, Cookie, X-GitHub-OTP
      X-Github-Media-Type:
      - github.v3; format=json
      X-Xss-Protection:
      - 1; mode=block
      X-Frame-Options:
      - deny
      Content-Security-Policy:
      - default-src 'none'
      Content-Length:
      - '1997'
      Access-Control-Allow-Credentials:
      - 'true'
      Access-Control-Expose-Headers:
      - ETag, Link, X-GitHub-OTP, X-RateLimit-Limit, X-RateLimit-Remaining, X-RateLimit-Reset,
        X-OAuth-Scopes, X-Accepted-OAuth-Scopes, X-Poll-Interval
      Access-Control-Allow-Origin:
      - '*'
      X-Github-Request-Id:
      - AE3F1335:0872:C326B92:53F352D7
      Strict-Transport-Security:
      - max-age=31536000; includeSubdomains
      X-Content-Type-Options:
      - nosniff
    body:
      encoding: UTF-8
      string: '{"url":"https://api.github.com/repos/gofullstack/paprika/issues/comments/52633816","html_url":"https://github.com/gofullstack/paprika/pull/1#issuecomment-52633816","issue_url":"https://api.github.com/repos/gofullstack/paprika/issues/1","id":52633816,"user":{"login":"brettchalupa","id":928367,"avatar_url":"https://avatars.githubusercontent.com/u/928367?v=2","gravatar_id":"c3e5586f55a9551a91d1e8b26fcc9310","url":"https://api.github.com/users/brettchalupa","html_url":"https://github.com/brettchalupa","followers_url":"https://api.github.com/users/brettchalupa/followers","following_url":"https://api.github.com/users/brettchalupa/following{/other_user}","gists_url":"https://api.github.com/users/brettchalupa/gists{/gist_id}","starred_url":"https://api.github.com/users/brettchalupa/starred{/owner}{/repo}","subscriptions_url":"https://api.github.com/users/brettchalupa/subscriptions","organizations_url":"https://api.github.com/users/brettchalupa/orgs","repos_url":"https://api.github.com/users/brettchalupa/repos","events_url":"https://api.github.com/users/brettchalupa/events{/privacy}","received_events_url":"https://api.github.com/users/brettchalupa/received_events","type":"User","site_admin":false},"created_at":"2014-08-19T13:36:23Z","updated_at":"2014-08-19T13:36:23Z","body":"Hi.
        I am an automated pull request bot named Curry. There are commits in this
        pull request whose authors are not yet authorized to contribute to Chef Software,
        Inc. projects or are using a non-GitHub verified email address. To become
        authorized to contribute, you will need to sign the Contributor License Agreement
        (CLA) as an individual or on behalf of your company. [You can read more on
        Chef''s blog.](http://www.chef.io/blog/2014/06/23/changes-to-the-contributor-license-agreement-process/)\n\n##
        GitHub Users Who Are Not Authorized To Contribute\\n\\n\n\nThe following GitHub
        users do not appear to have signed a CLA:\n\n* @brettchalupa\n\n[Please sign
        the CLA here.](https://community.chef.io)"}'
    http_version: 
  recorded_at: Tue, 19 Aug 2014 13:36:25 GMT
- request:
    method: post
    uri: https://api.github.com/repos/gofullstack/paprika/issues/1/labels
    body:
      encoding: UTF-8
      string: '["Signed CLA"]'
    headers:
      Accept:
      - application/vnd.github.v3+json
      User-Agent:
      - Octokit Ruby Gem 3.2.0
      Authorization:
      - token <TOKEN>
      Accept-Encoding:
      - gzip;q=1.0,deflate;q=0.6,identity;q=0.3
  response:
    status:
      code: 200
      message: OK
    headers:
      Server:
      - GitHub.com
      Date:
      - Wed, 20 Aug 2014 12:08:14 GMT
      Content-Type:
      - application/json; charset=utf-8
      Transfer-Encoding:
      - chunked
      Status:
      - 200 OK
      X-Ratelimit-Limit:
      - '5000'
      X-Ratelimit-Remaining:
      - '4992'
      X-Ratelimit-Reset:
      - '1408539725'
      Cache-Control:
      - private, max-age=60, s-maxage=60
      Etag:
      - '"2484ad0e1dec97c5ae7defd199aaeadd"'
      X-Oauth-Scopes:
      - gist, notifications, read:repo_hook, repo, user
      X-Accepted-Oauth-Scopes:
      - ''
      Vary:
      - Accept, Authorization, Cookie, X-GitHub-OTP
      - Accept-Encoding
      X-Github-Media-Type:
      - github.v3; format=json
      X-Xss-Protection:
      - 1; mode=block
      X-Frame-Options:
      - deny
      Content-Security-Policy:
      - default-src 'none'
      Access-Control-Allow-Credentials:
      - 'true'
      Access-Control-Expose-Headers:
      - ETag, Link, X-GitHub-OTP, X-RateLimit-Limit, X-RateLimit-Remaining, X-RateLimit-Reset,
        X-OAuth-Scopes, X-Accepted-OAuth-Scopes, X-Poll-Interval
      Access-Control-Allow-Origin:
      - '*'
      X-Github-Request-Id:
      - AE3F1335:6A4A:A298AF1:53F48FAE
      Strict-Transport-Security:
      - max-age=31536000; includeSubdomains
      X-Content-Type-Options:
      - nosniff
      X-Served-By:
      - 971af40390ac4398fcdd45c8dab0fbe7
    body:
      encoding: UTF-8
      string: '[{"url":"https://api.github.com/repos/gofullstack/paprika/labels/Signed+CLA","name":"Signed
        CLA","color":"8ED41E"}]'
    http_version: 
  recorded_at: Wed, 20 Aug 2014 12:08:15 GMT
- request:
    method: get
    uri: https://api.github.com/repos/gofullstack/paprika/issues/1/labels
    body:
      encoding: US-ASCII
      string: ''
    headers:
      Accept:
      - application/vnd.github.v3+json
      User-Agent:
      - Octokit Ruby Gem 3.2.0
      Authorization:
      - token <TOKEN>
      Accept-Encoding:
      - gzip;q=1.0,deflate;q=0.6,identity;q=0.3
  response:
    status:
      code: 200
      message: OK
    headers:
      Server:
      - GitHub.com
      Date:
      - Wed, 20 Aug 2014 12:08:15 GMT
      Content-Type:
      - application/json; charset=utf-8
      Transfer-Encoding:
      - chunked
      Status:
      - 200 OK
      X-Ratelimit-Limit:
      - '5000'
      X-Ratelimit-Remaining:
      - '4991'
      X-Ratelimit-Reset:
      - '1408539725'
      Cache-Control:
      - private, max-age=60, s-maxage=60
      Last-Modified:
      - Wed, 20 Aug 2014 12:08:14 GMT
      Etag:
      - '"2484ad0e1dec97c5ae7defd199aaeadd"'
      X-Oauth-Scopes:
      - gist, notifications, read:repo_hook, repo, user
      X-Accepted-Oauth-Scopes:
      - ''
      Vary:
      - Accept, Authorization, Cookie, X-GitHub-OTP
      - Accept-Encoding
      X-Github-Media-Type:
      - github.v3; format=json
      X-Xss-Protection:
      - 1; mode=block
      X-Frame-Options:
      - deny
      Content-Security-Policy:
      - default-src 'none'
      Access-Control-Allow-Credentials:
      - 'true'
      Access-Control-Expose-Headers:
      - ETag, Link, X-GitHub-OTP, X-RateLimit-Limit, X-RateLimit-Remaining, X-RateLimit-Reset,
        X-OAuth-Scopes, X-Accepted-OAuth-Scopes, X-Poll-Interval
      Access-Control-Allow-Origin:
      - '*'
      X-Github-Request-Id:
      - AE3F1335:6A3E:3E346D7:53F48FAF
      Strict-Transport-Security:
      - max-age=31536000; includeSubdomains
      X-Content-Type-Options:
      - nosniff
      X-Served-By:
      - 03d91026ad8428f4d9966d7434f9d82e
    body:
      encoding: UTF-8
      string: '[{"url":"https://api.github.com/repos/gofullstack/paprika/labels/Signed+CLA","name":"Signed
        CLA","color":"8ED41E"}]'
    http_version: 
  recorded_at: Wed, 20 Aug 2014 12:08:15 GMT
- request:
    method: delete
    uri: https://api.github.com/repos/gofullstack/paprika/issues/1/labels/Signed+CLA
    body:
      encoding: UTF-8
      string: '{}'
    headers:
      Accept:
      - application/vnd.github.v3+json
      User-Agent:
      - Octokit Ruby Gem 3.2.0
      Authorization:
      - token <TOKEN>
      Accept-Encoding:
      - gzip;q=1.0,deflate;q=0.6,identity;q=0.3
  response:
    status:
      code: 200
      message: OK
    headers:
      Server:
      - GitHub.com
      Date:
      - Wed, 20 Aug 2014 12:08:15 GMT
      Content-Type:
      - application/json; charset=utf-8
      Status:
      - 200 OK
      X-Ratelimit-Limit:
      - '5000'
      X-Ratelimit-Remaining:
      - '4990'
      X-Ratelimit-Reset:
      - '1408539725'
      Cache-Control:
      - private, max-age=60, s-maxage=60
      Etag:
      - '"2c35ba903c3caea3d99f767892ef96f6"'
      X-Oauth-Scopes:
      - gist, notifications, read:repo_hook, repo, user
      X-Accepted-Oauth-Scopes:
      - ''
      Vary:
      - Accept, Authorization, Cookie, X-GitHub-OTP
      - Accept-Encoding
      X-Github-Media-Type:
      - github.v3; format=json
      X-Xss-Protection:
      - 1; mode=block
      X-Frame-Options:
      - deny
      Content-Security-Policy:
      - default-src 'none'
      Content-Length:
      - '2'
      Access-Control-Allow-Credentials:
      - 'true'
      Access-Control-Expose-Headers:
      - ETag, Link, X-GitHub-OTP, X-RateLimit-Limit, X-RateLimit-Remaining, X-RateLimit-Reset,
        X-OAuth-Scopes, X-Accepted-OAuth-Scopes, X-Poll-Interval
      Access-Control-Allow-Origin:
      - '*'
      X-Github-Request-Id:
      - AE3F1335:6A42:18AA5B36:53F48FAF
      Strict-Transport-Security:
      - max-age=31536000; includeSubdomains
      X-Content-Type-Options:
      - nosniff
      X-Served-By:
      - c436b2b44345c72ff906059f604991e7
    body:
      encoding: UTF-8
      string: '[]'
    http_version: 
  recorded_at: Wed, 20 Aug 2014 12:08:15 GMT
- request:
    method: post
    uri: https://api.github.com/repos/gofullstack/paprika/issues/1/comments
    body:
      encoding: UTF-8
      string: '{"body":"Hi. I am an automated pull request bot named Curry. There
        are commits in this pull request whose authors are not yet authorized to contribute
        to Chef Software, Inc. projects or are using a non-GitHub verified email address.
        To become authorized to contribute, you will need to sign the Contributor
        License Agreement (CLA) as an individual or on behalf of your company. [You
        can read more on Chef''s blog.](http://www.chef.io/blog/2014/06/23/changes-to-the-contributor-license-agreement-process/)\n\n##
        GitHub Users Who Are Not Authorized To Contribute\n\nThe following GitHub
        users do not appear to have signed a CLA:\n\n* @brettchalupa\n\n[Please sign
        the CLA here.](https://community.chef.io)"}'
    headers:
      Accept:
      - application/vnd.github.v3+json
      User-Agent:
      - Octokit Ruby Gem 3.2.0
      Authorization:
      - token <TOKEN>
      Accept-Encoding:
      - gzip;q=1.0,deflate;q=0.6,identity;q=0.3
  response:
    status:
      code: 201
      message: Created
    headers:
      Server:
      - GitHub.com
      Date:
      - Wed, 20 Aug 2014 12:08:15 GMT
      Content-Type:
      - application/json; charset=utf-8
      Status:
      - 201 Created
      X-Ratelimit-Limit:
      - '5000'
      X-Ratelimit-Remaining:
      - '4989'
      X-Ratelimit-Reset:
      - '1408539725'
      Cache-Control:
      - private, max-age=60, s-maxage=60
      Etag:
      - '"b9f6bfc325227b830e9e0ddb980ff394"'
      X-Oauth-Scopes:
      - gist, notifications, read:repo_hook, repo, user
      X-Accepted-Oauth-Scopes:
      - ''
      Location:
      - https://api.github.com/repos/gofullstack/paprika/issues/comments/52766406
      Vary:
      - Accept, Authorization, Cookie, X-GitHub-OTP
      X-Github-Media-Type:
      - github.v3; format=json
      X-Xss-Protection:
      - 1; mode=block
      X-Frame-Options:
      - deny
      Content-Security-Policy:
      - default-src 'none'
      Content-Length:
      - '1991'
      Access-Control-Allow-Credentials:
      - 'true'
      Access-Control-Expose-Headers:
      - ETag, Link, X-GitHub-OTP, X-RateLimit-Limit, X-RateLimit-Remaining, X-RateLimit-Reset,
        X-OAuth-Scopes, X-Accepted-OAuth-Scopes, X-Poll-Interval
      Access-Control-Allow-Origin:
      - '*'
      X-Github-Request-Id:
      - AE3F1335:6A42:18AA5B8C:53F48FAF
      Strict-Transport-Security:
      - max-age=31536000; includeSubdomains
      X-Content-Type-Options:
      - nosniff
    body:
      encoding: UTF-8
      string: '{"url":"https://api.github.com/repos/gofullstack/paprika/issues/comments/52766406","html_url":"https://github.com/gofullstack/paprika/pull/1#issuecomment-52766406","issue_url":"https://api.github.com/repos/gofullstack/paprika/issues/1","id":52766406,"user":{"login":"brettchalupa","id":928367,"avatar_url":"https://avatars.githubusercontent.com/u/928367?v=2","gravatar_id":"c3e5586f55a9551a91d1e8b26fcc9310","url":"https://api.github.com/users/brettchalupa","html_url":"https://github.com/brettchalupa","followers_url":"https://api.github.com/users/brettchalupa/followers","following_url":"https://api.github.com/users/brettchalupa/following{/other_user}","gists_url":"https://api.github.com/users/brettchalupa/gists{/gist_id}","starred_url":"https://api.github.com/users/brettchalupa/starred{/owner}{/repo}","subscriptions_url":"https://api.github.com/users/brettchalupa/subscriptions","organizations_url":"https://api.github.com/users/brettchalupa/orgs","repos_url":"https://api.github.com/users/brettchalupa/repos","events_url":"https://api.github.com/users/brettchalupa/events{/privacy}","received_events_url":"https://api.github.com/users/brettchalupa/received_events","type":"User","site_admin":false},"created_at":"2014-08-20T12:08:15Z","updated_at":"2014-08-20T12:08:15Z","body":"Hi.
        I am an automated pull request bot named Curry. There are commits in this
        pull request whose authors are not yet authorized to contribute to Chef Software,
        Inc. projects or are using a non-GitHub verified email address. To become
        authorized to contribute, you will need to sign the Contributor License Agreement
        (CLA) as an individual or on behalf of your company. [You can read more on
        Chef''s blog.](http://www.chef.io/blog/2014/06/23/changes-to-the-contributor-license-agreement-process/)\n\n##
        GitHub Users Who Are Not Authorized To Contribute\n\nThe following GitHub
        users do not appear to have signed a CLA:\n\n* @brettchalupa\n\n[Please sign
        the CLA here.](https://community.chef.io)"}'
    http_version: 
  recorded_at: Wed, 20 Aug 2014 12:08:15 GMT
- request:
    method: get
    uri: https://api.github.com/repos/gofullstack/paprika/issues/1/labels
    body:
      encoding: US-ASCII
      string: ''
    headers:
      Accept:
      - application/vnd.github.v3+json
      User-Agent:
      - Octokit Ruby Gem 3.2.0
      Authorization:
      - token <TOKEN>
      Accept-Encoding:
      - gzip;q=1.0,deflate;q=0.6,identity;q=0.3
  response:
    status:
      code: 200
      message: OK
    headers:
      Server:
      - GitHub.com
      Date:
      - Wed, 20 Aug 2014 12:08:15 GMT
      Content-Type:
      - application/json; charset=utf-8
      Status:
      - 200 OK
      X-Ratelimit-Limit:
      - '5000'
      X-Ratelimit-Remaining:
      - '4988'
      X-Ratelimit-Reset:
      - '1408539725'
      Cache-Control:
      - private, max-age=60, s-maxage=60
      Last-Modified:
      - Wed, 20 Aug 2014 12:08:15 GMT
      Etag:
      - '"2c35ba903c3caea3d99f767892ef96f6"'
      X-Oauth-Scopes:
      - gist, notifications, read:repo_hook, repo, user
      X-Accepted-Oauth-Scopes:
      - ''
      Vary:
      - Accept, Authorization, Cookie, X-GitHub-OTP
      - Accept-Encoding
      X-Github-Media-Type:
      - github.v3; format=json
      X-Xss-Protection:
      - 1; mode=block
      X-Frame-Options:
      - deny
      Content-Security-Policy:
      - default-src 'none'
      Content-Length:
      - '2'
      Access-Control-Allow-Credentials:
      - 'true'
      Access-Control-Expose-Headers:
      - ETag, Link, X-GitHub-OTP, X-RateLimit-Limit, X-RateLimit-Remaining, X-RateLimit-Reset,
        X-OAuth-Scopes, X-Accepted-OAuth-Scopes, X-Poll-Interval
      Access-Control-Allow-Origin:
      - '*'
      X-Github-Request-Id:
      - AE3F1335:6A41:132C943B:53F48FAF
      Strict-Transport-Security:
      - max-age=31536000; includeSubdomains
      X-Content-Type-Options:
      - nosniff
      X-Served-By:
      - 62a1303ae95931e56e387e87d354bb24
    body:
      encoding: UTF-8
      string: '[]'
    http_version: 
  recorded_at: Wed, 20 Aug 2014 12:08:15 GMT
recorded_with: VCR 2.9.2
